../Core/Src/main.c:125:7:APPS1_ADC_Percent	16	static
../Core/Src/main.c:138:7:APPS2_ADC_Percent	16	static
../Core/Src/main.c:148:7:BPPS_ADC_Percent	16	static
../Core/Src/main.c:164:5:main	8	static
../Core/Src/main.c:286:6:SystemClock_Config	88	static
../Core/Src/main.c:334:13:MX_ADC1_Init	24	static
../Core/Src/main.c:386:13:MX_ADC2_Init	24	static
../Core/Src/main.c:438:13:MX_ADC3_Init	24	static
../Core/Src/main.c:490:13:MX_CAN1_Init	8	static
../Core/Src/main.c:527:13:MX_CAN3_Init	8	static
../Core/Src/main.c:564:13:MX_GPIO_Init	40	static
../Core/Src/main.c:606:13:CAN_Config	48	static
../Core/Src/main.c:639:6:HAL_CAN_RxFifo0MsgPendingCallback	16	static
../Core/Src/main.c:714:6:Start_FRT_controller	16	static
../Core/Src/main.c:763:6:Start_AMK	16	static
../Core/Src/main.c:863:6:HAL_TIM_PeriodElapsedCallback	16	static
../Core/Src/main.c:880:6:Error_Handler	8	static,ignoring_inline_asm
