../Core/Src/main.c:134:9:APPS1_ADC_Percent	32	static
../Core/Src/main.c:151:9:APPS2_ADC_Percent	32	static
../Core/Src/main.c:168:9:BPPS_ADC_Percent	32	static
../Core/Src/main.c:191:5:main	8	static
../Core/Src/main.c:313:6:SystemClock_Config	88	static
../Core/Src/main.c:361:13:MX_ADC1_Init	24	static
../Core/Src/main.c:413:13:MX_ADC2_Init	24	static
../Core/Src/main.c:465:13:MX_ADC3_Init	24	static
../Core/Src/main.c:517:13:MX_CAN1_Init	8	static
../Core/Src/main.c:554:13:MX_CAN3_Init	8	static
../Core/Src/main.c:591:13:MX_GPIO_Init	40	static
../Core/Src/main.c:633:13:CAN_Config	48	static
../Core/Src/main.c:666:6:HAL_CAN_RxFifo0MsgPendingCallback	16	static
../Core/Src/main.c:741:6:Start_FRT_controller	16	static
../Core/Src/main.c:790:6:Start_AMK	16	static
../Core/Src/main.c:904:6:HAL_TIM_PeriodElapsedCallback	16	static
../Core/Src/main.c:921:6:Error_Handler	8	static,ignoring_inline_asm
